// Jest Snapshot v1, https://goo.gl/fbAQLP

exports[`should display a form for signing up/in 1`] = `
<div>
  <form
    class="form"
  >
    <fieldset
      class="fieldset"
    >
      <legend />
      <section
        class="formSection"
      >
        <label
          for="email"
        >
          Email
        </label>
        <input
          class="input"
          id="email"
          name="email"
          required=""
          type="email"
          value=""
        />
      </section>
      <section
        class="formSection"
      >
        <label
          for="password"
        >
          Password
        </label>
        <input
          class="input"
          id="password"
          name="pw"
          required=""
          type="password"
          value=""
        />
      </section>
      <button
        type="submit"
      >
        Submit
      </button>
      
    </fieldset>
  </form>
</div>
`;
